
> wallet_v2@0.1.0 build
> next build

Γû▓ Next.js 16.1.6 (Turbopack)
- Environments: .env

node.exe : ΓÜá The "middleware" file 
convention is deprecated. Please use 
"proxy" instead. Learn more: https://ne
xtjs.org/docs/messages/middleware-to-pr
oxy
At C:\Program Files\nodejs\npm.ps1:29 
char:3
+   & $NODE_EXE $NPM_CLI_JS $args
+   ~~~~~~~~~~~~~~~~~~~~~~~~~~~~~
    + CategoryInfo          : NotSpeci 
   fied: (ΓÜá The "middle...leware-to  
  -proxy:String) [], RemoteException
    + FullyQualifiedErrorId : NativeCo 
   mmandError
 
  Creating an optimized production build ...

> Build error occurred
Error: Turbopack build failed with 1 
errors:
./src/lib/supabase.ts:5:1
Ecmascript file had an error
[0m [90m 3 |[39m   
createServerClient[33m,[39m
 [90m 4 |[39m } [36mfrom[39m [32m"
@supabase/auth-helpers-nextjs"[39m[33
m;[39m
[31m[1m>[22m[39m[90m 5 |[39m 
[36mimport[39m { cookies } 
[36mfrom[39m 
[32m"next/headers"[39m[33m;[39m
 [90m   |[39m [31m[1m^[22m[39m[3
1m[1m^[22m[39m[31m[1m^[22m[39m[
31m[1m^[22m[39m[31m[1m^[22m[39m
[31m[1m^[22m[39m[31m[1m^[22m[39m
[31m[1m^[22m[39m[31m[1m^[22m[39
m[31m[1m^[22m[39m[31m[1m^[22m[3
9m[31m[1m^[22m[39m[31m[1m^[22m[
39m[31m[1m^[22m[39m[31m[1m^[22m
[39m[31m[1m^[22m[39m[31m[1m^[22m
[39m[31m[1m^[22m[39m[31m[1m^[22
m[39m[31m[1m^[22m[39m[31m[1m^[2
2m[39m[31m[1m^[22m[39m[31m[1m^[
22m[39m[31m[1m^[22m[39m[31m[1m^
[22m[39m[31m[1m^[22m[39m[31m[1m^
[22m[39m[31m[1m^[22m[39m[31m[1m
^[22m[39m[31m[1m^[22m[39m[31m[1
m^[22m[39m[31m[1m^[22m[39m[31m[
1m^[22m[39m[31m[1m^[22m[39m[31m
[1m^[22m[39m[31m[1m^[22m[39m[31m
[1m^[22m[39m[31m[1m^[22m[39m[31
m[1m^[22m[39m
 [90m 6 |[39m
 [90m 7 |[39m [36mconst[39m 
supabaseUrl [33m=[39m process[33m.[
39menv[33m.[39m[33mNEXT_PUBLIC_SUPAB
ASE_URL[39m[33m![39m[33m;[39m
 [90m 8 |[39m [36mconst[39m 
supabaseAnonKey [33m=[39m process[33
m.[39menv[33m.[39m[33mNEXT_PUBLIC_S
UPABASE_ANON_KEY[39m[33m![39m[33m;
[39m[0m

You're importing a component that 
needs "next/headers". That only works 
in a Server Component which is not 
supported in the pages/ directory. 
Read more: https://nextjs.org/docs/app/
building-your-application/rendering/ser
ver-components



Import traces:
  #1 [Server Component]:
    ./src/lib/supabase.ts
    
./src/services/checklists/actions.ts

  #2 [Server Component]:
    ./src/lib/supabase.ts
    
./src/services/statistics/actions.ts
    ./src/app/(dashboard)/dashboard/pag
e.tsx

  #3 [Client Component Browser]:
    ./src/lib/supabase.ts [Client 
Component Browser]
    ./src/components/transactions/trans
action-item.tsx [Client Component 
Browser]
    ./src/components/transactions/trans
action-item.tsx [Server Component]
    ./src/app/(dashboard)/transactions/
page.tsx [Server Component]

  #4 [Client Component SSR]:
    ./src/lib/supabase.ts [Client 
Component SSR]
    ./src/components/transactions/trans
action-item.tsx [Client Component SSR]
    ./src/components/transactions/trans
action-item.tsx [Server Component]
    ./src/app/(dashboard)/transactions/
page.tsx [Server Component]


    at <unknown> 
(./src/lib/supabase.ts:5:1)
