src/lib/supabase.ts(1,10): error TS2305: Module '"@supabase/auth-helpers-nextjs"' has no exported member 'createClientComponentClient'.
